Updating project

Version main
------------


Parsing Foo\Foo total: 62 errors
Parsing Head total: 62 errors
Parsing Body total: 62 errors
Parsing Footer total: 62 errors
Parsing IntersectionDocument total: 62 errors
Parsing Models\LaravelModel total: 62 errors
Parsing RoundaboutIntersection\Foo total: 62 errors
Parsing RoundaboutIntersection\Bar total: 62 errors
Parsing RoundaboutIntersection\FooAndBar total: 62 errors
Parsing RoundaboutIntersection\Baz total: 62 errors
Parsing IPv4Address total: 62 errors
Parsing MyContainer total: 63 errors
Parsing Collection total: 63 errors
Parsing DogCollection total: 63 errors
Parsing PersistentCollection total: 63 errors
Parsing Cat total: 63 errors
Parsing Foo total: 63 errors
Parsing Bar total: 63 errors
Parsing SuperCoolLibrary\Meta total: 63 errors
Parsing Net_Sample total: 63 errors
Parsing done

Rendering Global index.html
Rendering Global doc-index.html
Rendering Global namespaces.html
Rendering Global classes.html
Rendering Global interfaces.html
Rendering Global traits.html
Rendering Global opensearch.xml
Rendering Global search.html
Rendering Global doctum.js
Rendering Global doctum-search.json
Rendering Namespace [Global Namespace]
Rendering Namespace Foo
Rendering Namespace Illuminate
Rendering Namespace Illuminate\Database
Rendering Namespace Illuminate\Database\Eloquent
Rendering Namespace Models
Rendering Namespace RoundaboutIntersection
Rendering Namespace SuperCoolLibrary
Rendering Class Bar
Rendering Class Body
Rendering Class Cat
Rendering Class Collection
Rendering Class DogCollection
Rendering Class Foo
Rendering Class Foo\Foo
Rendering Class Footer
Rendering Class Head
Rendering Class IPv4Address
Rendering Class Illuminate\Database\Eloquent\Builder
Rendering Class IntersectionDocument
Rendering Class Models\LaravelModel
Rendering Class MyContainer
Rendering Class Net_Sample
Rendering Class PersistentCollection
Rendering Class RoundaboutIntersection\Bar
Rendering Class RoundaboutIntersection\Baz
Rendering Class RoundaboutIntersection\Foo
Rendering Class RoundaboutIntersection\FooAndBar
Rendering Class SuperCoolLibrary\Meta
Rendering done


 Version    Updated C    Removed C 
     main           21            0


 Version    Updated C    Updated N    Removed C    Removed N 
     main           21            8            0            0
